// Jest Snapshot v1, https://goo.gl/fbAQLP

exports[`<FormSearch /> should render correctly 1`] = `
<form
  action="?"
  onSubmit={[Function]}
>
  <div
    className="field search"
  >
    <input
      onChange={[Function]}
      type="text"
      value=""
    />
  </div>
  <div
    className="field"
  >
    <button>
      Submit
    </button>
  </div>
</form>
`;
